>>> text_indentation = __import__('5-text_indentation').text_indentation
>>> text_indentation("Hi: I need to ask you? All good.")
Hi:

I need to ask you?

All good.

>>> text_indentation()
Traceback (most recent call last):
  File "<stdin>", line 1, in <module>
TypeError: text_indentation() missing 1 required positional argument: 'text'
>>> text_indentation(6)
Traceback (most recent call last):
  File "<stdin>", line 1, in <module>
  File "/home/codewise/alx/alx-higher_level_programming/0x07-python-test_driven_development/5-text_indentation.py", line 19, in text_indentation
    raise TypeError("text must be a string")
TypeError: text must be a string
>>> text_indentation(["school .is where."])
Traceback (most recent call last):
  File "<stdin>", line 1, in <module>
  File "/home/codewise/alx/alx-higher_level_programming/0x07-python-test_driven_development/5-text_indentation.py", line 19, in text_indentation
    raise TypeError("text must be a string")
TypeError: text must be a string
